[2026-07-31T23:27:50Z] ========================================================================
[2026-07-31T23:27:50Z] verify_snapshot_v2.py 2.0.0 - READ-ONLY. Not antivirus.
[2026-07-31T23:27:50Z] snapshot: C:\Users\david\citizen-compass\data-layer\external-sources\scunpacked-data\snapshots\20260731T041451Z.partial
[2026-07-31T23:27:50Z] output:   C:\Users\david\citizen-compass\data-layer\external-source-verification\20260731T041451Z-v2
[2026-07-31T23:27:50Z] enumerating...
[2026-07-31T23:27:50Z] found 28993 file(s); 0 walk error(s); 0 link-like director(y/ies) skipped
[2026-07-31T23:27:50Z] 28993 file(s) to inspect this run
[2026-07-31T23:28:35Z]   250/28993  1902 MiB  5.6 f/s  ETA ~86 min
[2026-07-31T23:28:38Z]   500/28993  1906 MiB  10.6 f/s  ETA ~45 min
[2026-07-31T23:28:40Z]   750/28993  1911 MiB  15.1 f/s  ETA ~31 min
[2026-07-31T23:28:42Z]   1000/28993  1916 MiB  19.2 f/s  ETA ~24 min
[2026-07-31T23:28:45Z]   1250/28993  1922 MiB  23.0 f/s  ETA ~20 min
[2026-07-31T23:28:47Z]   1500/28993  1927 MiB  26.5 f/s  ETA ~17 min
[2026-07-31T23:28:49Z]   1750/28993  1937 MiB  29.7 f/s  ETA ~15 min
[2026-07-31T23:28:52Z]   2000/28993  1958 MiB  32.4 f/s  ETA ~14 min
[2026-07-31T23:28:55Z]   2250/28993  1970 MiB  35.0 f/s  ETA ~13 min
[2026-07-31T23:28:57Z]   2500/28993  1988 MiB  37.4 f/s  ETA ~12 min
[2026-07-31T23:29:00Z]   2750/28993  2006 MiB  39.6 f/s  ETA ~11 min
[2026-07-31T23:29:03Z]   3000/28993  2028 MiB  41.5 f/s  ETA ~10 min
[2026-07-31T23:29:05Z]   3250/28993  2042 MiB  43.5 f/s  ETA ~10 min
[2026-07-31T23:29:08Z]   3500/28993  2057 MiB  45.3 f/s  ETA ~9 min
[2026-07-31T23:29:10Z]   3750/28993  2076 MiB  46.9 f/s  ETA ~9 min
[2026-07-31T23:29:13Z]   4000/28993  2096 MiB  48.3 f/s  ETA ~9 min
[2026-07-31T23:29:16Z]   4250/28993  2119 MiB  49.7 f/s  ETA ~8 min
[2026-07-31T23:29:18Z]   4500/28993  2135 MiB  51.1 f/s  ETA ~8 min
[2026-07-31T23:29:21Z]   4750/28993  2150 MiB  52.4 f/s  ETA ~8 min
[2026-07-31T23:29:24Z]   5000/28993  2170 MiB  53.6 f/s  ETA ~7 min
[2026-07-31T23:29:26Z]   5250/28993  2188 MiB  54.7 f/s  ETA ~7 min
[2026-07-31T23:29:29Z]   5500/28993  2207 MiB  55.8 f/s  ETA ~7 min
[2026-07-31T23:29:32Z]   5750/28993  2225 MiB  56.8 f/s  ETA ~7 min
[2026-07-31T23:29:34Z]   6000/28993  2247 MiB  57.7 f/s  ETA ~7 min
[2026-07-31T23:29:37Z]   6250/28993  2268 MiB  58.5 f/s  ETA ~6 min
[2026-07-31T23:29:40Z]   6500/28993  2283 MiB  59.3 f/s  ETA ~6 min
[2026-07-31T23:29:43Z]   6750/28993  2299 MiB  60.2 f/s  ETA ~6 min
[2026-07-31T23:29:45Z]   7000/28993  2315 MiB  61.0 f/s  ETA ~6 min
[2026-07-31T23:29:50Z]   7250/28993  2391 MiB  60.8 f/s  ETA ~6 min
[2026-07-31T23:29:53Z]   7500/28993  2418 MiB  61.3 f/s  ETA ~6 min
[2026-07-31T23:29:56Z]   7750/28993  2450 MiB  61.8 f/s  ETA ~6 min
[2026-07-31T23:29:59Z]   8000/28993  2474 MiB  62.3 f/s  ETA ~6 min
[2026-07-31T23:30:02Z]   8250/28993  2501 MiB  62.8 f/s  ETA ~6 min
[2026-07-31T23:30:05Z]   8500/28993  2538 MiB  63.1 f/s  ETA ~5 min
[2026-07-31T23:30:09Z]   8750/28993  2582 MiB  63.3 f/s  ETA ~5 min
[2026-07-31T23:30:12Z]   9000/28993  2617 MiB  63.7 f/s  ETA ~5 min
[2026-07-31T23:30:14Z]   9250/28993  2641 MiB  64.2 f/s  ETA ~5 min
[2026-07-31T23:30:19Z]   9500/28993  2728 MiB  64.0 f/s  ETA ~5 min
[2026-07-31T23:30:23Z]   9750/28993  2822 MiB  63.7 f/s  ETA ~5 min
[2026-07-31T23:30:26Z]   10000/28993  2837 MiB  64.3 f/s  ETA ~5 min
[2026-07-31T23:30:29Z]   10250/28993  2851 MiB  64.8 f/s  ETA ~5 min
[2026-07-31T23:30:31Z]   10500/28993  2865 MiB  65.3 f/s  ETA ~5 min
[2026-07-31T23:30:34Z]   10750/28993  2892 MiB  65.7 f/s  ETA ~5 min
[2026-07-31T23:30:36Z]   11000/28993  2901 MiB  66.2 f/s  ETA ~5 min
[2026-07-31T23:30:39Z]   11250/28993  2913 MiB  66.7 f/s  ETA ~4 min
[2026-07-31T23:30:42Z]   11500/28993  2926 MiB  67.2 f/s  ETA ~4 min
[2026-07-31T23:30:44Z]   11750/28993  2937 MiB  67.6 f/s  ETA ~4 min
[2026-07-31T23:30:47Z]   12000/28993  2948 MiB  68.0 f/s  ETA ~4 min
[2026-07-31T23:30:50Z]   12250/28993  2969 MiB  68.4 f/s  ETA ~4 min
[2026-07-31T23:30:53Z]   12500/28993  3008 MiB  68.4 f/s  ETA ~4 min
[2026-07-31T23:30:56Z]   12750/28993  3048 MiB  68.5 f/s  ETA ~4 min
[2026-07-31T23:31:00Z]   13000/28993  3090 MiB  68.6 f/s  ETA ~4 min
[2026-07-31T23:31:03Z]   13250/28993  3116 MiB  68.9 f/s  ETA ~4 min
[2026-07-31T23:31:05Z]   13500/28993  3126 MiB  69.3 f/s  ETA ~4 min
[2026-07-31T23:31:09Z]   13750/28993  3164 MiB  69.4 f/s  ETA ~4 min
[2026-07-31T23:31:12Z]   14000/28993  3193 MiB  69.6 f/s  ETA ~4 min
[2026-07-31T23:31:15Z]   14250/28993  3232 MiB  69.6 f/s  ETA ~4 min
[2026-07-31T23:31:18Z]   14500/28993  3250 MiB  69.9 f/s  ETA ~3 min
[2026-07-31T23:31:20Z]   14750/28993  3269 MiB  70.2 f/s  ETA ~3 min
[2026-07-31T23:31:24Z]   15000/28993  3332 MiB  70.1 f/s  ETA ~3 min
[2026-07-31T23:31:30Z]   15250/28993  3444 MiB  69.5 f/s  ETA ~3 min
[2026-07-31T23:31:34Z]   15500/28993  3500 MiB  69.4 f/s  ETA ~3 min
[2026-07-31T23:31:37Z]   15750/28993  3539 MiB  69.5 f/s  ETA ~3 min
[2026-07-31T23:31:40Z]   16000/28993  3564 MiB  69.7 f/s  ETA ~3 min
[2026-07-31T23:31:43Z]   16250/28993  3590 MiB  69.9 f/s  ETA ~3 min
[2026-07-31T23:31:46Z]   16500/28993  3618 MiB  70.1 f/s  ETA ~3 min
[2026-07-31T23:31:49Z]   16750/28993  3639 MiB  70.3 f/s  ETA ~3 min
[2026-07-31T23:31:51Z]   17000/28993  3652 MiB  70.6 f/s  ETA ~3 min
[2026-07-31T23:31:54Z]   17250/28993  3675 MiB  70.8 f/s  ETA ~3 min
[2026-07-31T23:31:58Z]   17500/28993  3728 MiB  70.8 f/s  ETA ~3 min
[2026-07-31T23:32:02Z]   17750/28993  3785 MiB  70.7 f/s  ETA ~3 min
[2026-07-31T23:32:05Z]   18000/28993  3833 MiB  70.6 f/s  ETA ~3 min
[2026-07-31T23:32:08Z]   18250/28993  3855 MiB  70.8 f/s  ETA ~3 min
[2026-07-31T23:32:11Z]   18500/28993  3878 MiB  71.0 f/s  ETA ~2 min
[2026-07-31T23:32:14Z]   18750/28993  3888 MiB  71.2 f/s  ETA ~2 min
[2026-07-31T23:32:17Z]   19000/28993  3930 MiB  71.2 f/s  ETA ~2 min
[2026-07-31T23:32:20Z]   19250/28993  3944 MiB  71.4 f/s  ETA ~2 min
[2026-07-31T23:32:24Z]   19500/28993  4000 MiB  71.3 f/s  ETA ~2 min
[2026-07-31T23:32:28Z]   19750/28993  4076 MiB  71.1 f/s  ETA ~2 min
[2026-07-31T23:32:31Z]   20000/28993  4101 MiB  71.2 f/s  ETA ~2 min
[2026-07-31T23:32:34Z]   20250/28993  4131 MiB  71.3 f/s  ETA ~2 min
[2026-07-31T23:32:38Z]   20500/28993  4168 MiB  71.4 f/s  ETA ~2 min
[2026-07-31T23:32:40Z]   20750/28993  4193 MiB  71.5 f/s  ETA ~2 min
[2026-07-31T23:32:43Z]   21000/28993  4210 MiB  71.7 f/s  ETA ~2 min
[2026-07-31T23:32:46Z]   21250/28993  4254 MiB  71.8 f/s  ETA ~2 min
[2026-07-31T23:32:49Z]   21500/28993  4281 MiB  71.9 f/s  ETA ~2 min
[2026-07-31T23:32:53Z]   21750/28993  4311 MiB  72.0 f/s  ETA ~2 min
[2026-07-31T23:32:56Z]   22000/28993  4348 MiB  72.0 f/s  ETA ~2 min
[2026-07-31T23:32:59Z]   22250/28993  4366 MiB  72.2 f/s  ETA ~2 min
[2026-07-31T23:33:01Z]   22500/28993  4369 MiB  72.5 f/s  ETA ~1 min
[2026-07-31T23:33:03Z]   22750/28993  4373 MiB  72.7 f/s  ETA ~1 min
[2026-07-31T23:33:06Z]   23000/28993  4376 MiB  73.0 f/s  ETA ~1 min
[2026-07-31T23:33:08Z]   23250/28993  4382 MiB  73.2 f/s  ETA ~1 min
[2026-07-31T23:33:11Z]   23500/28993  4400 MiB  73.4 f/s  ETA ~1 min
[2026-07-31T23:33:14Z]   23750/28993  4431 MiB  73.4 f/s  ETA ~1 min
[2026-07-31T23:33:17Z]   24000/28993  4447 MiB  73.6 f/s  ETA ~1 min
[2026-07-31T23:33:20Z]   24250/28993  4504 MiB  73.5 f/s  ETA ~1 min
[2026-07-31T23:33:23Z]   24500/28993  4541 MiB  73.5 f/s  ETA ~1 min
[2026-07-31T23:33:27Z]   24750/28993  4575 MiB  73.5 f/s  ETA ~1 min
[2026-07-31T23:33:30Z]   25000/28993  4599 MiB  73.5 f/s  ETA ~1 min
[2026-07-31T23:33:34Z]   25250/28993  4639 MiB  73.4 f/s  ETA ~1 min
[2026-07-31T23:33:39Z]   25500/28993  4690 MiB  73.2 f/s  ETA ~1 min
[2026-07-31T23:33:43Z]   25750/28993  4731 MiB  73.1 f/s  ETA ~1 min
[2026-07-31T23:33:46Z]   26000/28993  4756 MiB  73.1 f/s  ETA ~1 min
[2026-07-31T23:33:51Z]   26250/28993  4832 MiB  72.9 f/s  ETA ~1 min
[2026-07-31T23:33:55Z]   26500/28993  4906 MiB  72.6 f/s  ETA ~1 min
[2026-07-31T23:33:59Z]   26750/28993  4931 MiB  72.6 f/s  ETA ~1 min
[2026-07-31T23:34:02Z]   27000/28993  4963 MiB  72.6 f/s  ETA ~0 min
[2026-07-31T23:34:13Z]   27250/28993  5237 MiB  71.3 f/s  ETA ~0 min
[2026-07-31T23:34:17Z]   27500/28993  5315 MiB  71.1 f/s  ETA ~0 min
[2026-07-31T23:34:20Z]   27750/28993  5334 MiB  71.3 f/s  ETA ~0 min
[2026-07-31T23:34:23Z]   28000/28993  5372 MiB  71.3 f/s  ETA ~0 min
[2026-07-31T23:34:27Z]   28250/28993  5447 MiB  71.2 f/s  ETA ~0 min
[2026-07-31T23:34:34Z]   28500/28993  5634 MiB  70.6 f/s  ETA ~0 min
[2026-07-31T23:34:39Z]   28750/28993  5727 MiB  70.3 f/s  ETA ~0 min
[2026-07-31T23:34:43Z] inspection pass complete; re-enumerating to detect drift...
[2026-07-31T23:34:44Z] ------------------------------------------------------------------------
[2026-07-31T23:34:44Z] files enumerated ....... 28993
[2026-07-31T23:34:44Z] files inspected ........ 28993
[2026-07-31T23:34:44Z] json parsed strictly ... 28957
[2026-07-31T23:34:44Z] json structural only ... 2
[2026-07-31T23:34:44Z] json parse FAILURES .... 0
[2026-07-31T23:34:44Z] ext/content MISMATCH ... 0
[2026-07-31T23:34:44Z] active-content hits .... 0 file(s)
[2026-07-31T23:34:44Z] unexpected domains ..... 0 file(s)
[2026-07-31T23:34:44Z] duplicate hash groups .. 2
[2026-07-31T23:34:44Z] read errors ............ 0
[2026-07-31T23:34:44Z] links/reparse refused .. 0
[2026-07-31T23:34:44Z] changed during run ..... 0
[2026-07-31T23:34:44Z] walk errors ............ 0
[2026-07-31T23:34:44Z] ------------------------------------------------------------------------
[2026-07-31T23:34:44Z] INSPECTION COMPLETE: True
[2026-07-31T23:34:44Z] Reminder: this is NOT a malware scan. A real AV pass is still required before quarantine release.
[2026-07-31T23:34:44Z] DONE. Nothing in the snapshot was modified.
